 gcc -g p4original.c
îº§ gdb a.out
GNU gdb (Ubuntu 8.1.1-0ubuntu1) 8.1.1
Copyright (C) 2018 Free Software Foundation, Inc.
License GPLv3+: GNU GPL version 3 or later <http://gnu.org/licenses/gpl.html>
This is free software: you are free to change and redistribute it.
There is NO WARRANTY, to the extent permitted by law.  Type "show copying"
and "show warranty" for details.
This GDB was configured as "x86_64-linux-gnu".
Type "show configuration" for configuration details.
For bug reporting instructions, please see:
<http://www.gnu.org/software/gdb/bugs/>.
Find the GDB manual and other documentation resources online at:
<http://www.gnu.org/software/gdb/documentation/>.
For help, type "help".
Type "apropos word" to search for commands related to "word"...
Reading symbols from a.out...done.
(gdb) b main
Breakpoint 1 at 0x8f6: file p4original.c, line 37.
(gdb) r
Starting program: /home/runner/pps-IA1-practice-1/a.out 
warning: Error disabling address space randomization: Operation not permitted

Breakpoint 1, main () at p4original.c:37
37  {
(gdb) b
Note: breakpoint 1 also set at pc 0x55c65a8008f6.
Breakpoint 2 at 0x55c65a8008f6: file p4original.c, line 37.
(gdb) n
39    n=input();
(gdb) s
input () at p4original.c:3
3   {
(gdb) n
5     printf("enter the size of the array\n");
(gdb) n
enter the size of the array
6     scanf("%d",&n);
(gdb) n
3
7     return n;
(gdb) n
8   }
(gdb) n
main () at p4original.c:40
40    int a[n];
(gdb) n
41    array(n,a);
(gdb) n
enter the elements5
enter the elements6
enter the elements7
42    sum=add(n,a);
(gdb) n
43    output(n,a,sum);
(gdb) n
44    return 0;
(gdb) n
45  }
(gdb) c
Continuing.
5+6+7=18[Inferior 1 (process 1151) exited normally]
(gdb) 